datafile /home/kajsa/kod-psn/3PsN/devel/nmoutput/pheno.dta does not exist for model /home/kajsa/kod-psn/3PsN/devel/nmoutput/pheno.mod at /home/kajsa/kod-psn/PsN4/bin/../lib/model.pm line 297.
