The model file missing.mod in /home/kajsa/kod-psn/3PsN/devel/nmoutput/ does not exist. at /home/kajsa/kod-psn/PsN4/bin/../lib/model.pm line 4661.
